
> react-typescript-starter@0.1.0 test
> react-scripts test "--coverage"

PASS src/nested.test.ts
PASS src/arrays.test.ts
PASS src/objects.test.ts
PASS src/components/StartAttempt.test.tsx
PASS src/components/TwoDice.test.tsx
PASS src/quizzer/Quizzer.test.tsx
  ● Console

    console.error
      Warning: Functions are not valid as a React child. This may happen if you return a Component instead of <Component /> from render. Or maybe you meant to call this function rather than return it.
          at div
          at div
          at QuestionList (/home/runner/work/tasks/tasks/src/quizzer/QuestionList.tsx:7:5)
          at div
          at /home/runner/work/tasks/tasks/node_modules/react-bootstrap/cjs/Container.js:24:3
          at QuizView (/home/runner/work/tasks/tasks/src/quizzer/QuizView.tsx:8:5)
          at div
          at div
          at /home/runner/work/tasks/tasks/node_modules/react-bootstrap/cjs/Stack.js:23:7
          at QuizList (/home/runner/work/tasks/tasks/src/quizzer/QuizList.tsx:7:5)
          at div
          at div
          at Quizzer (/home/runner/work/tasks/tasks/src/quizzer/Quizzer.tsx:10:35)

      at printWarning (node_modules/react-dom/cjs/react-dom.development.js:67:30)
      at error (node_modules/react-dom/cjs/react-dom.development.js:43:5)
      at warnOnFunctionType (node_modules/react-dom/cjs/react-dom.development.js:13247:5)
      at createChild (node_modules/react-dom/cjs/react-dom.development.js:13474:9)
      at reconcileChildrenArray (node_modules/react-dom/cjs/react-dom.development.js:13719:25)
      at reconcileChildFibers (node_modules/react-dom/cjs/react-dom.development.js:14125:14)
      at reconcileChildren (node_modules/react-dom/cjs/react-dom.development.js:16990:28)
      at updateHostComponent (node_modules/react-dom/cjs/react-dom.development.js:17632:3)

PASS src/form-components/MultipleChoiceQuestion.test.tsx
PASS src/bad-components/ChooseTeam.test.tsx
PASS src/bad-components/DoubleHalf.test.tsx
PASS src/functions.test.ts
PASS src/form-components/CheckAnswer.test.tsx
PASS src/form-components/EditMode.test.tsx
PASS src/components/ChangeType.test.tsx
PASS src/components/CycleHoliday.test.tsx
PASS src/form-components/GiveAttempts.test.tsx
PASS src/form-components/ChangeColor.test.tsx
PASS src/components/Counter.test.tsx
PASS src/components/RevealAnswer.test.tsx
PASS src/bad-components/ColoredBox.test.tsx
PASS src/bad-components/ShoveBox.test.tsx
PASS src/App.test.tsx
-----------------------------|---------|----------|---------|---------|-----------------------------
File                         | % Stmts | % Branch | % Funcs | % Lines | Uncovered Line #s           
-----------------------------|---------|----------|---------|---------|-----------------------------
All files                    |   83.78 |    88.28 |   76.77 |   84.55 |                             
 src                         |   99.38 |    98.21 |   98.73 |   99.36 |                             
  App.tsx                    |     100 |      100 |     100 |     100 |                             
  HideComponents.tsx         |   66.66 |       50 |      50 |   66.66 | 61                          
  arrays.ts                  |     100 |      100 |     100 |     100 |                             
  functions.ts               |     100 |      100 |     100 |     100 |                             
  nested.ts                  |     100 |      100 |     100 |     100 |                             
  objects.ts                 |     100 |      100 |     100 |     100 |                             
 src/bad-components          |     100 |       50 |     100 |     100 |                             
  ChooseTeam.tsx             |     100 |       50 |     100 |     100 | 18                          
  ColoredBox.tsx             |     100 |      100 |     100 |     100 |                             
  DoubleHalf.tsx             |     100 |      100 |     100 |     100 |                             
  ShoveBox.tsx               |     100 |      100 |     100 |     100 |                             
 src/components              |     100 |    94.11 |     100 |     100 |                             
  ChangeType.tsx             |     100 |      100 |     100 |     100 |                             
  Counter.tsx                |     100 |      100 |     100 |     100 |                             
  CycleHoliday.tsx           |     100 |       90 |     100 |     100 | 22,35                       
  RevealAnswer.tsx           |     100 |      100 |     100 |     100 |                             
  StartAttempt.tsx           |     100 |      100 |     100 |     100 |                             
  TwoDice.tsx                |     100 |      100 |     100 |     100 |                             
 src/form-components         |     100 |      100 |     100 |     100 |                             
  ChangeColor.tsx            |     100 |      100 |     100 |     100 |                             
  CheckAnswer.tsx            |     100 |      100 |     100 |     100 |                             
  EditMode.tsx               |     100 |      100 |     100 |     100 |                             
  GiveAttempts.tsx           |     100 |      100 |     100 |     100 |                             
  MultipleChoiceQuestion.tsx |     100 |      100 |     100 |     100 |                             
 src/interfaces              |       0 |        0 |       0 |       0 |                             
  answer.ts                  |       0 |        0 |       0 |       0 |                             
  question.ts                |       0 |        0 |       0 |       0 |                             
 src/quizzer                 |   44.85 |    57.69 |   38.46 |   46.53 |                             
  AddQuizModal.tsx           |   45.45 |      100 |   16.66 |   45.45 | 23-30,49-77                 
  FilterPublished.tsx        |       0 |        0 |       0 |       0 | 10-26                       
  MultChoiceList.tsx         |      60 |      100 |      50 |      60 | 16-19                       
  OptionsEditor.tsx          |       0 |      100 |       0 |       0 | 12-55                       
  QuestionEditor.tsx         |   54.54 |        0 |   54.54 |   54.54 | 18,35,52,74,126,144,164-189 
  QuestionList.tsx           |    37.5 |       75 |   28.57 |      50 | 17-24                       
  QuestionView.tsx           |     100 |      100 |     100 |     100 |                             
  QuizEditor.tsx             |      50 |      100 |   28.57 |      50 | 27-34,50-88                 
  QuizList.tsx               |     100 |      100 |     100 |     100 |                             
  QuizView.tsx               |     100 |      100 |     100 |     100 |                             
  Quizzer.tsx                |   43.75 |        0 |   33.33 |   46.15 | 14-17,25-29                 
  ShortAnswerField.tsx       |      50 |      100 |   33.33 |      50 | 19-22                       
  question.ts                |       0 |        0 |       0 |       0 |                             
  quiz.ts                    |       0 |        0 |       0 |       0 |                             
-----------------------------|---------|----------|---------|---------|-----------------------------

Test Suites: 21 passed, 21 total
Tests:       138 passed, 138 total
Snapshots:   0 total
Time:        14.458 s
Ran all test suites.
